// Jest Snapshot v1, https://goo.gl/fbAQLP

exports[`Check LocalStorage 1`] = `
Object {
  "DARKMODE": "DARKMODE",
  "LANG": "LANG",
}
`;
